// Jest Snapshot v1, https://goo.gl/fbAQLP

exports[`AppView.prototype.render Should be render correctly 1`] = `"<ul><li>Video about JS</li></ul>"`;
